// Jest Snapshot v1, https://goo.gl/fbAQLP

exports[`App Renders properly  1`] = `
<div>
  <Route
    component={[Function]}
    exact={true}
    path="/"
  />
  <Route
    component={[Function]}
    exact={true}
    path="/signup"
  />
  <Route
    component={[Function]}
    exact={true}
    path="/login"
  />
  <PrivateRoute
    component={[Function]}
    exact={true}
    path="/dashboard"
  />
</div>
`;
